2026-09-12T15:50:54Z INF Thank you for trying Cloudflare Tunnel. Doing so, without a Cloudflare account, is a quick way to experiment and try it out. However, be aware that these account-less Tunnels have no uptime guarantee, are subject to the Cloudflare Online Services Terms of Use (https://www.cloudflare.com/website-terms/), and Cloudflare reserves the right to investigate your use of Tunnels for violations of such terms. If you intend to use Tunnels in production you should use a pre-created named tunnel by following: https://developers.cloudflare.com/cloudflare-one/connections/connect-apps
2026-09-12T15:50:54Z INF Requesting new quick Tunnel on trycloudflare.com...
2026-09-12T15:50:57Z INF +--------------------------------------------------------------------------------------------+
2026-09-12T15:50:57Z INF |  Your quick Tunnel has been created! Visit it at (it may take some time to be reachable):  |
2026-09-12T15:50:57Z INF |  https://temporal-invite-officers-idol.trycloudflare.com                                   |
2026-09-12T15:50:57Z INF +--------------------------------------------------------------------------------------------+
2026-09-12T15:50:57Z INF Cannot determine default configuration path. No file [config.yml config.yaml] in [~/.cloudflared ~/.cloudflare-warp ~/cloudflare-warp]
2026-09-12T15:50:57Z INF Version 2026.9.1 (Checksum 2837888cc0f5d58f15b6dc478376de90b4d3ba5241c7947455d1e0a0df429712)
2026-09-12T15:50:57Z INF GOOS: windows, GOVersion: go1.26.8, GoArch: amd64
2026-09-12T15:50:57Z INF Settings: map[ha-connections:1 protocol:quic url:http://localhost:8000]
2026-09-12T15:50:57Z INF cloudflared will not automatically update on Windows systems.
2026-09-12T15:50:57Z INF Generated Connector ID: 4ac1e920-d199-4d3e-ac1f-9328ef4012a0
2026-09-12T15:50:57Z INF Initial protocol quic
2026-09-12T15:50:57Z INF ICMP proxy will use 192.168.1.3 as source for IPv4
2026-09-12T15:50:57Z INF ICMP proxy will use 2803:2d60:160a:dac:7135:30e2:45b5:21a4 in zone Wi-Fi as source for IPv6
2026-09-12T15:50:57Z INF cloudflared does not support loading the system root certificate pool on Windows. Please use --origin-ca-pool <PATH> to specify the path to the certificate pool
2026-09-12T15:50:57Z INF ICMP proxy will use 192.168.1.3 as source for IPv4
2026-09-12T15:50:57Z INF Tunnel connection curve preferences: [X25519MLKEM768 CurveID(65074) CurveP256] connIndex=0 event=0 ip=2606:4700:a0::10
2026-09-12T15:50:57Z INF ICMP proxy will use 2803:2d60:160a:dac:7135:30e2:45b5:21a4 in zone Wi-Fi as source for IPv6
2026-09-12T15:50:57Z INF Starting metrics server on 127.0.0.1:20241/metrics
2026-09-12T15:50:58Z INF Registered tunnel connection connIndex=0 connection=b4312c25-05ae-4e83-9e7b-7ed3474579cf event=0 ip=2606:4700:a0::10 location=mia01 protocol=quic
2026-09-12T15:50:58Z INF +-------------------------------------------------------------------------------------+
2026-09-12T15:50:58Z INF |                               CONNECTIVITY PRE-CHECKS                               |
2026-09-12T15:50:58Z INF +-------------------------------------------------------------------------------------+
2026-09-12T15:50:58Z INF |  COMPONENT         TARGET                     STATUS  DETAILS                       |
2026-09-12T15:50:58Z INF |  DNS Resolution    region1.v2.argotunnel.com  PASS    DNS Resolved successfully     |
2026-09-12T15:50:58Z INF |  DNS Resolution    region2.v2.argotunnel.com  PASS    DNS Resolved successfully     |
2026-09-12T15:50:58Z INF |  UDP Connectivity  region1.v2.argotunnel.com  PASS    QUIC connection successful    |
2026-09-12T15:50:58Z INF |  UDP Connectivity  region2.v2.argotunnel.com  PASS    QUIC connection successful    |
2026-09-12T15:50:58Z INF |  TCP Connectivity  region1.v2.argotunnel.com  PASS    HTTP/2 connection successful  |
2026-09-12T15:50:58Z INF |  TCP Connectivity  region2.v2.argotunnel.com  PASS    HTTP/2 connection successful  |
2026-09-12T15:50:58Z INF |  Cloudflare API    api.cloudflare.com:443     PASS    API is reachable              |
2026-09-12T15:50:58Z INF |                                                                                     |
2026-09-12T15:50:58Z INF |  SUMMARY: Environment is healthy. cloudflared will use 'quic' as primary protocol.  |
2026-09-12T15:50:58Z INF +-------------------------------------------------------------------------------------+
2026-09-12T15:50:58Z INF precheck component="DNS Resolution" details="DNS Resolved successfully" run_id=b126986a-0141-478b-8283-a90d6ccfebc8 status=pass target=region1.v2.argotunnel.com
2026-09-12T15:50:58Z INF precheck component="DNS Resolution" details="DNS Resolved successfully" run_id=b126986a-0141-478b-8283-a90d6ccfebc8 status=pass target=region2.v2.argotunnel.com
2026-09-12T15:50:58Z INF precheck component="UDP Connectivity" details="QUIC connection successful" run_id=b126986a-0141-478b-8283-a90d6ccfebc8 status=pass target=region1.v2.argotunnel.com
2026-09-12T15:50:58Z INF precheck component="UDP Connectivity" details="QUIC connection successful" run_id=b126986a-0141-478b-8283-a90d6ccfebc8 status=pass target=region2.v2.argotunnel.com
2026-09-12T15:50:58Z INF precheck component="TCP Connectivity" details="HTTP/2 connection successful" run_id=b126986a-0141-478b-8283-a90d6ccfebc8 status=pass target=region1.v2.argotunnel.com
2026-09-12T15:50:58Z INF precheck component="TCP Connectivity" details="HTTP/2 connection successful" run_id=b126986a-0141-478b-8283-a90d6ccfebc8 status=pass target=region2.v2.argotunnel.com
2026-09-12T15:50:58Z INF precheck component="Cloudflare API" details="API is reachable" run_id=b126986a-0141-478b-8283-a90d6ccfebc8 status=pass target=api.cloudflare.com:443
2026-09-12T15:50:58Z INF precheck complete hard_fail=false run_id=b126986a-0141-478b-8283-a90d6ccfebc8 suggested_protocol=quic
2026-09-12T16:28:09Z ERR Serve tunnel error error="datagram manager error: timeout: no recent network activity" connIndex=0 event=0 ip=2606:4700:a0::10
2026-09-12T16:28:09Z INF Retrying connection in up to 1s connIndex=0 event=0 ip=2606:4700:a0::10
2026-09-12T16:28:10Z INF Tunnel connection curve preferences: [X25519MLKEM768 CurveID(65074) CurveP256] connIndex=0 event=0 ip=198.41.192.37
2026-09-12T16:28:11Z INF Registered tunnel connection connIndex=0 connection=45474c37-f5f5-46e0-84bd-1b981f76f78c event=0 ip=198.41.192.37 location=mia10 protocol=quic
2026-09-12T16:55:50Z ERR  error="Unable to reach the origin service. The service may be down or it may not be responding to traffic from cloudflared: dial tcp [::1]:8000: connectex: No connection could be made because the target machine actively refused it." connIndex=0 event=1 ingressRule=0 originService=http://localhost:8000
2026-09-12T16:55:50Z ERR Request failed error="Unable to reach the origin service. The service may be down or it may not be responding to traffic from cloudflared: dial tcp [::1]:8000: connectex: No connection could be made because the target machine actively refused it." connIndex=0 dest=https://temporal-invite-officers-idol.trycloudflare.com/mpd/3SIXTY-RELE-CAMBIA-ESTO?u=https%3A%2F%2Fakm.live.latam.prd.media.max.com%2Flive%2Fuse1%2F612_Ciw1YTI3NTc1Ni1mMDA1LTQzMmEtOWQxZS03ZmE3OTkwMDNjNDEtdXMtZWFzdBINYm9sdC1nbG8tcHJvZBoTEhFwYWNrYWdlci1tcDQtY2VuYw%2Ftoken%3DExpires%3D1789307610%26KeyName%3De9ccdf27-c043-4da4-ab54-439c25e3209c%26Info%3DeyJ1c2VySWQiOiJVU0VSSUQ6Ym9sdDo2MDQyM2FjMi0xNDRjLTQ4YWQtODY4Yy1jOGJhYTg4ZGU0NjAiLCJkZXZpY2UiOiIwOWU2MzNjNy1iMGM4LTQ1OGItYmZiYy1iNzRjODNkNjgxZGIiLCJzZXNzaW9uSWQiOiI0YWU0ZGNjZS05NzA2LTRmOGYtODMyYi04ZWQ2OWU4NTljMTMiLCJlZGl0SWQiOiI1YTI3NTc1Ni1mMDA1LTQzMmEtOWQxZS03ZmE3OTkwMDNjNDEiLCJnZW8iOiJOSSIsInRpbWVzdGFtcCI6IjIwMjYtMDktMTJUMTM6NTM6MzBaIiwidGVuYW50IjoiYmVhbSJ9%26gallow%3DPA%2CSV%2CHN%2CBZ%2CNI%2CDO%2CMX%2CGT%2CCR%26Signature%3D670936d044f603d49b4b3da3c73a277971bc973a01c1e558fff9890ac8336dee%2Fmain.mpd%3Frtype%3Ds%26reg%3Dus-east-2%26pid%3D4ae4dcce-9706-4f8f-832b-8ed69e859c13%26ctx%3DKLUv_WMa3e0KpACNBgCTzSc5JCIf-AAReriKEhgRKkyNB4lQeW0UoQJhGzGJwN5ga1SIMAT2gQ88bhThjTeC8AEJGz5Q4AhOWKESIR9wnGEQqeDUSL3n-YO4pQepr8ex9zBV-6h6_CB1dnjbIdX_xeJKuO-TakyVVlrMksOBlRZats_F3V4bl6vkUFZK_QotXy1lc_pnHpOtX9Q4OhNVDZ87Y81dOleer3uTHUPcqgIN_AV7OEaAoPWvjr8GQURTv4drcT4DvvNlTR-bQ9VOZE__mohHUNklqUXbwXRqLA%3D%3D%26ps%3D%26ismaster%3D%26CMCD%3Dcid%3D%2522gluon_engine_cid%2522%2Cot%3Dm%2Csf%3Dd%2Csid%3D%2522gluon_engine_sid%2522 event=0 ip=198.41.192.37 type=http
2026-09-12T16:57:11Z ERR  error="Unable to reach the origin service. The service may be down or it may not be responding to traffic from cloudflared: dial tcp [::1]:8000: connectex: No connection could be made because the target machine actively refused it." connIndex=0 event=1 ingressRule=0 originService=http://localhost:8000
2026-09-12T16:57:11Z ERR Request failed error="Unable to reach the origin service. The service may be down or it may not be responding to traffic from cloudflared: dial tcp [::1]:8000: connectex: No connection could be made because the target machine actively refused it." connIndex=0 dest=https://temporal-invite-officers-idol.trycloudflare.com/mpd/3SIXTY-RELE-CAMBIA-ESTO?u=https%3A%2F%2Fakm.live.latam.prd.media.max.com%2Flive%2Fuse1%2F612_Ciw1YTI3NTc1Ni1mMDA1LTQzMmEtOWQxZS03ZmE3OTkwMDNjNDEtdXMtZWFzdBINYm9sdC1nbG8tcHJvZBoTEhFwYWNrYWdlci1tcDQtY2VuYw%2Ftoken%3DExpires%3D1789307610%26KeyName%3De9ccdf27-c043-4da4-ab54-439c25e3209c%26Info%3DeyJ1c2VySWQiOiJVU0VSSUQ6Ym9sdDo2MDQyM2FjMi0xNDRjLTQ4YWQtODY4Yy1jOGJhYTg4ZGU0NjAiLCJkZXZpY2UiOiIwOWU2MzNjNy1iMGM4LTQ1OGItYmZiYy1iNzRjODNkNjgxZGIiLCJzZXNzaW9uSWQiOiI0YWU0ZGNjZS05NzA2LTRmOGYtODMyYi04ZWQ2OWU4NTljMTMiLCJlZGl0SWQiOiI1YTI3NTc1Ni1mMDA1LTQzMmEtOWQxZS03ZmE3OTkwMDNjNDEiLCJnZW8iOiJOSSIsInRpbWVzdGFtcCI6IjIwMjYtMDktMTJUMTM6NTM6MzBaIiwidGVuYW50IjoiYmVhbSJ9%26gallow%3DPA%2CSV%2CHN%2CBZ%2CNI%2CDO%2CMX%2CGT%2CCR%26Signature%3D670936d044f603d49b4b3da3c73a277971bc973a01c1e558fff9890ac8336dee%2Fmain.mpd%3Frtype%3Ds%26reg%3Dus-east-2%26pid%3D4ae4dcce-9706-4f8f-832b-8ed69e859c13%26ctx%3DKLUv_WMa3e0KpACNBgCTzSc5JCIf-AAReriKEhgRKkyNB4lQeW0UoQJhGzGJwN5ga1SIMAT2gQ88bhThjTeC8AEJGz5Q4AhOWKESIR9wnGEQqeDUSL3n-YO4pQepr8ex9zBV-6h6_CB1dnjbIdX_xeJKuO-TakyVVlrMksOBlRZats_F3V4bl6vkUFZK_QotXy1lc_pnHpOtX9Q4OhNVDZ87Y81dOleer3uTHUPcqgIN_AV7OEaAoPWvjr8GQURTv4drcT4DvvNlTR-bQ9VOZE__mohHUNklqUXbwXRqLA%3D%3D%26ps%3D%26ismaster%3D%26CMCD%3Dcid%3D%2522gluon_engine_cid%2522%2Cot%3Dm%2Csf%3Dd%2Csid%3D%2522gluon_engine_sid%2522 event=0 ip=198.41.192.37 type=http
2026-09-12T16:57:13Z ERR  error="Unable to reach the origin service. The service may be down or it may not be responding to traffic from cloudflared: dial tcp [::1]:8000: connectex: No connection could be made because the target machine actively refused it." connIndex=0 event=1 ingressRule=0 originService=http://localhost:8000
2026-09-12T16:57:13Z ERR Request failed error="Unable to reach the origin service. The service may be down or it may not be responding to traffic from cloudflared: dial tcp [::1]:8000: connectex: No connection could be made because the target machine actively refused it." connIndex=0 dest=https://temporal-invite-officers-idol.trycloudflare.com/mpd/3SIXTY-RELE-CAMBIA-ESTO?u=https%3A%2F%2Fakm.live.latam.prd.media.max.com%2Flive%2Fuse1%2F612_Ciw1YTI3NTc1Ni1mMDA1LTQzMmEtOWQxZS03ZmE3OTkwMDNjNDEtdXMtZWFzdBINYm9sdC1nbG8tcHJvZBoTEhFwYWNrYWdlci1tcDQtY2VuYw%2Ftoken%3DExpires%3D1789307610%26KeyName%3De9ccdf27-c043-4da4-ab54-439c25e3209c%26Info%3DeyJ1c2VySWQiOiJVU0VSSUQ6Ym9sdDo2MDQyM2FjMi0xNDRjLTQ4YWQtODY4Yy1jOGJhYTg4ZGU0NjAiLCJkZXZpY2UiOiIwOWU2MzNjNy1iMGM4LTQ1OGItYmZiYy1iNzRjODNkNjgxZGIiLCJzZXNzaW9uSWQiOiI0YWU0ZGNjZS05NzA2LTRmOGYtODMyYi04ZWQ2OWU4NTljMTMiLCJlZGl0SWQiOiI1YTI3NTc1Ni1mMDA1LTQzMmEtOWQxZS03ZmE3OTkwMDNjNDEiLCJnZW8iOiJOSSIsInRpbWVzdGFtcCI6IjIwMjYtMDktMTJUMTM6NTM6MzBaIiwidGVuYW50IjoiYmVhbSJ9%26gallow%3DPA%2CSV%2CHN%2CBZ%2CNI%2CDO%2CMX%2CGT%2CCR%26Signature%3D670936d044f603d49b4b3da3c73a277971bc973a01c1e558fff9890ac8336dee%2Fmain.mpd%3Frtype%3Ds%26reg%3Dus-east-2%26pid%3D4ae4dcce-9706-4f8f-832b-8ed69e859c13%26ctx%3DKLUv_WMa3e0KpACNBgCTzSc5JCIf-AAReriKEhgRKkyNB4lQeW0UoQJhGzGJwN5ga1SIMAT2gQ88bhThjTeC8AEJGz5Q4AhOWKESIR9wnGEQqeDUSL3n-YO4pQepr8ex9zBV-6h6_CB1dnjbIdX_xeJKuO-TakyVVlrMksOBlRZats_F3V4bl6vkUFZK_QotXy1lc_pnHpOtX9Q4OhNVDZ87Y81dOleer3uTHUPcqgIN_AV7OEaAoPWvjr8GQURTv4drcT4DvvNlTR-bQ9VOZE__mohHUNklqUXbwXRqLA%3D%3D%26ps%3D%26ismaster%3D%26CMCD%3Dcid%3D%2522gluon_engine_cid%2522%2Cot%3Dm%2Csf%3Dd%2Csid%3D%2522gluon_engine_sid%2522 event=0 ip=198.41.192.37 type=http
2026-09-12T17:15:23Z ERR  error="Unable to reach the origin service. The service may be down or it may not be responding to traffic from cloudflared: dial tcp [::1]:8000: connectex: No connection could be made because the target machine actively refused it." connIndex=0 event=1 ingressRule=0 originService=http://localhost:8000
2026-09-12T17:15:23Z ERR Request failed error="Unable to reach the origin service. The service may be down or it may not be responding to traffic from cloudflared: dial tcp [::1]:8000: connectex: No connection could be made because the target machine actively refused it." connIndex=0 dest=https://temporal-invite-officers-idol.trycloudflare.com/mpd/3SIXTY-RELE-CAMBIA-ESTO?u=https%3A%2F%2Fakm.live.latam.prd.media.max.com%2Flive%2Fuse1%2F612_Ciw1YTI3NTc1Ni1mMDA1LTQzMmEtOWQxZS03ZmE3OTkwMDNjNDEtdXMtZWFzdBINYm9sdC1nbG8tcHJvZBoTEhFwYWNrYWdlci1tcDQtY2VuYw%2Ftoken%3DExpires%3D1789307610%26KeyName%3De9ccdf27-c043-4da4-ab54-439c25e3209c%26Info%3DeyJ1c2VySWQiOiJVU0VSSUQ6Ym9sdDo2MDQyM2FjMi0xNDRjLTQ4YWQtODY4Yy1jOGJhYTg4ZGU0NjAiLCJkZXZpY2UiOiIwOWU2MzNjNy1iMGM4LTQ1OGItYmZiYy1iNzRjODNkNjgxZGIiLCJzZXNzaW9uSWQiOiI0YWU0ZGNjZS05NzA2LTRmOGYtODMyYi04ZWQ2OWU4NTljMTMiLCJlZGl0SWQiOiI1YTI3NTc1Ni1mMDA1LTQzMmEtOWQxZS03ZmE3OTkwMDNjNDEiLCJnZW8iOiJOSSIsInRpbWVzdGFtcCI6IjIwMjYtMDktMTJUMTM6NTM6MzBaIiwidGVuYW50IjoiYmVhbSJ9%26gallow%3DPA%2CSV%2CHN%2CBZ%2CNI%2CDO%2CMX%2CGT%2CCR%26Signature%3D670936d044f603d49b4b3da3c73a277971bc973a01c1e558fff9890ac8336dee%2Fmain.mpd%3Frtype%3Ds%26reg%3Dus-east-2%26pid%3D4ae4dcce-9706-4f8f-832b-8ed69e859c13%26ctx%3DKLUv_WMa3e0KpACNBgCTzSc5JCIf-AAReriKEhgRKkyNB4lQeW0UoQJhGzGJwN5ga1SIMAT2gQ88bhThjTeC8AEJGz5Q4AhOWKESIR9wnGEQqeDUSL3n-YO4pQepr8ex9zBV-6h6_CB1dnjbIdX_xeJKuO-TakyVVlrMksOBlRZats_F3V4bl6vkUFZK_QotXy1lc_pnHpOtX9Q4OhNVDZ87Y81dOleer3uTHUPcqgIN_AV7OEaAoPWvjr8GQURTv4drcT4DvvNlTR-bQ9VOZE__mohHUNklqUXbwXRqLA%3D%3D%26ps%3D%26ismaster%3D%26CMCD%3Dcid%3D%2522gluon_engine_cid%2522%2Cot%3Dm%2Csf%3Dd%2Csid%3D%2522gluon_engine_sid%2522 event=0 ip=198.41.192.37 type=http
2026-09-12T17:17:45Z ERR  error="Unable to reach the origin service. The service may be down or it may not be responding to traffic from cloudflared: dial tcp [::1]:8000: connectex: No connection could be made because the target machine actively refused it." connIndex=0 event=1 ingressRule=0 originService=http://localhost:8000
2026-09-12T17:17:45Z ERR Request failed error="Unable to reach the origin service. The service may be down or it may not be responding to traffic from cloudflared: dial tcp [::1]:8000: connectex: No connection could be made because the target machine actively refused it." connIndex=0 dest=https://temporal-invite-officers-idol.trycloudflare.com/mpd/3SIXTY-RELE-CAMBIA-ESTO?u=https%3A%2F%2Fakm.live.latam.prd.media.max.com%2Flive%2Fuse1%2F612_Ciw1YTI3NTc1Ni1mMDA1LTQzMmEtOWQxZS03ZmE3OTkwMDNjNDEtdXMtZWFzdBINYm9sdC1nbG8tcHJvZBoTEhFwYWNrYWdlci1tcDQtY2VuYw%2Ftoken%3DExpires%3D1789307610%26KeyName%3De9ccdf27-c043-4da4-ab54-439c25e3209c%26Info%3DeyJ1c2VySWQiOiJVU0VSSUQ6Ym9sdDo2MDQyM2FjMi0xNDRjLTQ4YWQtODY4Yy1jOGJhYTg4ZGU0NjAiLCJkZXZpY2UiOiIwOWU2MzNjNy1iMGM4LTQ1OGItYmZiYy1iNzRjODNkNjgxZGIiLCJzZXNzaW9uSWQiOiI0YWU0ZGNjZS05NzA2LTRmOGYtODMyYi04ZWQ2OWU4NTljMTMiLCJlZGl0SWQiOiI1YTI3NTc1Ni1mMDA1LTQzMmEtOWQxZS03ZmE3OTkwMDNjNDEiLCJnZW8iOiJOSSIsInRpbWVzdGFtcCI6IjIwMjYtMDktMTJUMTM6NTM6MzBaIiwidGVuYW50IjoiYmVhbSJ9%26gallow%3DPA%2CSV%2CHN%2CBZ%2CNI%2CDO%2CMX%2CGT%2CCR%26Signature%3D670936d044f603d49b4b3da3c73a277971bc973a01c1e558fff9890ac8336dee%2Fmain.mpd%3Frtype%3Ds%26reg%3Dus-east-2%26pid%3D4ae4dcce-9706-4f8f-832b-8ed69e859c13%26ctx%3DKLUv_WMa3e0KpACNBgCTzSc5JCIf-AAReriKEhgRKkyNB4lQeW0UoQJhGzGJwN5ga1SIMAT2gQ88bhThjTeC8AEJGz5Q4AhOWKESIR9wnGEQqeDUSL3n-YO4pQepr8ex9zBV-6h6_CB1dnjbIdX_xeJKuO-TakyVVlrMksOBlRZats_F3V4bl6vkUFZK_QotXy1lc_pnHpOtX9Q4OhNVDZ87Y81dOleer3uTHUPcqgIN_AV7OEaAoPWvjr8GQURTv4drcT4DvvNlTR-bQ9VOZE__mohHUNklqUXbwXRqLA%3D%3D%26ps%3D%26ismaster%3D%26CMCD%3Dcid%3D%2522gluon_engine_cid%2522%2Cot%3Dm%2Csf%3Dd%2Csid%3D%2522gluon_engine_sid%2522 event=0 ip=198.41.192.37 type=http
