Traceback (most recent call last):
  File "C:\Users\AlecS\OneDrive\Desktop\3sixtybets_ai_hosting\generar_ahora.py", line 22, in <module>
    main()
    ~~~~^^
  File "C:\Users\AlecS\OneDrive\Desktop\3sixtybets_ai_hosting\generar_ahora.py", line 11, in main
    stats = dashboard.generar_picks_dia(forzar=True)
  File "C:\Users\AlecS\OneDrive\Desktop\3sixtybets_ai_hosting\dashboard.py", line 742, in generar_picks_dia
    creado = db.create_ai_pick(
        sport=p["sport"],
    ...<19 lines>...
        ) if isinstance(pick.get("stats"), list) and pick.get("stats") else None,
    )
  File "C:\Users\AlecS\OneDrive\Desktop\3sixtybets_ai_hosting\db.py", line 1071, in create_ai_pick
    ok = run_query(
        """
    ...<11 lines>...
        ),
    )
  File "C:\Users\AlecS\OneDrive\Desktop\3sixtybets_ai_hosting\db.py", line 86, in run_query
    cur.execute(query, params or ())
    ~~~~~~~~~~~^^^^^^^^^^^^^^^^^^^^^
  File "C:\Users\AlecS\OneDrive\Desktop\3sixtybets_ai_hosting\.venv\Lib\site-packages\pymysql\cursors.py", line 157, in execute
    query = self.mogrify(query, args)
  File "C:\Users\AlecS\OneDrive\Desktop\3sixtybets_ai_hosting\.venv\Lib\site-packages\pymysql\cursors.py", line 135, in mogrify
    query = query % self._escape_args(args, conn)
                    ~~~~~~~~~~~~~~~~~^^^^^^^^^^^^
  File "C:\Users\AlecS\OneDrive\Desktop\3sixtybets_ai_hosting\.venv\Lib\site-packages\pymysql\cursors.py", line 108, in _escape_args
    return tuple(conn.literal(arg) for arg in args)
           ^^^^^
  File "C:\Users\AlecS\OneDrive\Desktop\3sixtybets_ai_hosting\.venv\Lib\site-packages\pymysql\cursors.py", line 108, in <genexpr>
    return tuple(conn.literal(arg) for arg in args)
                 ~~~~~~~~~~~~^^^^^
  File "C:\Users\AlecS\OneDrive\Desktop\3sixtybets_ai_hosting\.venv\Lib\site-packages\pymysql\connections.py", line 549, in literal
    return self.escape(obj, self.encoders)
           ~~~~~~~~~~~^^^^^^^^^^^^^^^^^^^^
  File "C:\Users\AlecS\OneDrive\Desktop\3sixtybets_ai_hosting\.venv\Lib\site-packages\pymysql\connections.py", line 542, in escape
    return converters.escape_item(obj, self.charset, mapping=mapping)
           ~~~~~~~~~~~~~~~~~~~~~~^^^^^^^^^^^^^^^^^^^^^^^^^^^^^^^^^^^^
  File "C:\Users\AlecS\OneDrive\Desktop\3sixtybets_ai_hosting\.venv\Lib\site-packages\pymysql\converters.py", line 23, in escape_item
    val = encoder(val, charset, mapping)
  File "C:\Users\AlecS\OneDrive\Desktop\3sixtybets_ai_hosting\.venv\Lib\site-packages\pymysql\converters.py", line 30, in escape_dict
    raise TypeError("dict can not be used as parameter")
TypeError: dict can not be used as parameter
